


momim@LAPTOP-Q8C5BJUS MINGW64 ~/Desktop (main)
$ mkdir git_challenge 

momim@LAPTOP-Q8C5BJUS MINGW64 ~/Desktop (main)
$ cd git_challenge

momim@LAPTOP-Q8C5BJUS MINGW64 ~/Desktop/git_challenge (main)
$ touch git_challenge 

momim@LAPTOP-Q8C5BJUS MINGW64 ~/Desktop/git_challenge (main)
$ echo "Hello, world!" >>  hello_world.txt 

momim@LAPTOP-Q8C5BJUS MINGW64 ~/Desktop/git_challenge (main)
$ git init 
Initialized empty Git repository in C:/Users/momim/Desktop/git_challenge/.git/

momim@LAPTOP-Q8C5BJUS MINGW64 ~/Desktop/git_challenge (main)
$ git add hello_world.txt
warning: in the working copy of 'hello_world.txt', LF will be replaced by CRLF the next time Git touches it

momim@LAPTOP-Q8C5BJUS MINGW64 ~/Desktop/git_challenge (main)
$ git commit -m "コミット１"
[main (root-commit) d92b669] コミット１
 1 file changed, 1 insertion(+)
 create mode 100644 hello_world.txt

momim@LAPTOP-Q8C5BJUS MINGW64 ~/Desktop/git_challenge (main)
$ git status
On branch main
Untracked files:
  (use "git add <file>..." to include in what will be committed)
        git_challenge

nothing added to commit but untracked files present (use "git add" to track)

momim@LAPTOP-Q8C5BJUS MINGW64 ~/Desktop/git_challenge (main)
$ git add git_challenge

momim@LAPTOP-Q8C5BJUS MINGW64 ~/Desktop/git_challenge (main)
$ git_challenge
bash: git_challenge: command not found

momim@LAPTOP-Q8C5BJUS MINGW64 ~/Desktop/git_challenge (main)
$  git status
On branch main
Changes to be committed:
  (use "git restore --staged <file>..." to unstage)
        new file:   git_challenge


momim@LAPTOP-Q8C5BJUS MINGW64 ~/Desktop/git_challenge (main)
$ rm git_challenge

momim@LAPTOP-Q8C5BJUS MINGW64 ~/Desktop/git_challenge (main)
$  git status
On branch main
Changes to be committed:
  (use "git restore --staged <file>..." to unstage)
        new file:   git_challenge

Changes not staged for commit:
  (use "git add/rm <file>..." to update what will be committed)
  (use "git restore <file>..." to discard changes in working directory)
        deleted:    git_challenge


momim@LAPTOP-Q8C5BJUS MINGW64 ~/Desktop/git_challenge (main)
$  git status
On branch main
Changes to be committed:
  (use "git restore --staged <file>..." to unstage)
        new file:   git_challenge

Changes not staged for commit:
  (use "git add/rm <file>..." to update what will be committed)
  (use "git restore <file>..." to discard changes in working directory)
        deleted:    git_challenge


momim@LAPTOP-Q8C5BJUS MINGW64 ~/Desktop/git_challenge (main)
$  git add git_challenge

momim@LAPTOP-Q8C5BJUS MINGW64 ~/Desktop/git_challenge (main)
$  git status
On branch main
nothing to commit, working tree clean

momim@LAPTOP-Q8C5BJUS MINGW64 ~/Desktop/git_challenge (main)
$ echo "こんにちは、世界！" >> hello_world.txt

momim@LAPTOP-Q8C5BJUS MINGW64 ~/Desktop/git_challenge (main)
$ git add git_challenge
fatal: pathspec 'git_challenge' did not match any files

momim@LAPTOP-Q8C5BJUS MINGW64 ~/Desktop/git_challenge (main)
$ git add hello_world.txt
warning: in the working copy of 'hello_world.txt', LF will be replaced by CRLF the next time Git touches it

momim@LAPTOP-Q8C5BJUS MINGW64 ~/Desktop/git_challenge (main)
$ git status
On branch main
Changes to be committed:
  (use "git restore --staged <file>..." to unstage)
        modified:   hello_world.txt


momim@LAPTOP-Q8C5BJUS MINGW64 ~/Desktop/git_challenge (main)
$ ^C

momim@LAPTOP-Q8C5BJUS MINGW64 ~/Desktop/git_challenge (main)
$ git status
On branch main
Changes to be committed:
  (use "git restore --staged <file>..." to unstage)
        modified:   hello_world.txt


momim@LAPTOP-Q8C5BJUS MINGW64 ~/Desktop/git_challenge (main)
$ git commit -m "コミット２"
[main bfc2175] コミット２
 1 file changed, 1 insertion(+)

momim@LAPTOP-Q8C5BJUS MINGW64 ~/Desktop/git_challenge (main)
$ git status
On branch main
nothing to commit, working tree clean

momim@LAPTOP-Q8C5BJUS MINGW64 ~/Desktop/git_challenge (main)
$ git log --oneline
bfc2175 (HEAD -> main) コミット２
d92b669 コミット１

momim@LAPTOP-Q8C5BJUS MINGW64 ~/Desktop/git_challenge (main)
$ cd ..

momim@LAPTOP-Q8C5BJUS MINGW64 ~/Desktop (main)
$ mkdir kadai_005

momim@LAPTOP-Q8C5BJUS MINGW64 ~/Desktop (main)
$ cd kadai_005

momim@LAPTOP-Q8C5BJUS MINGW64 ~/Desktop/kadai_005 (main)
$ toud
bash: toud: command not found

momim@LAPTOP-Q8C5BJUS MINGW64 ~/Desktop/kadai_005 (main)
$ touch kadai_005.txt

momim@LAPTOP-Q8C5BJUS MINGW64 ~/Desktop/kadai_005 (main)
$
