momim@LAPTOP-Q8C5BJUS MINGW64 ~/Desktop/git_challenge (main)
$ git init
Initialized empty Git repository in C:/Users/momim/Desktop/git_challenge/.git/

momim@LAPTOP-Q8C5BJUS MINGW64 ~/Desktop/git_challenge (main)
$ echo "Hello, world!" >>  hello_world.txt

momim@LAPTOP-Q8C5BJUS MINGW64 ~/Desktop/git_challenge (main)
$ git add  hello_world.txt
warning: in the working copy of 'hello_world.txt', LF will be replaced by CRLF the next time Git touches it

momim@LAPTOP-Q8C5BJUS MINGW64 ~/Desktop/git_challenge (main)
$ git commit -m "Hello, worldを追記"
[main (root-commit) 3827264] Hello, worldを追記
 1 file changed, 1 insertion(+)
ld.txt


momim@LAPTOP-Q8C5BJUS MINGW64 ~/Desktop/git_challenge (main)
$ git add hello_world.txt

momim@LAPTOP-Q8C5BJUS MINGW64 ~/Desktop/git_challenge (main)
$ git add hello_world.txt
warning: in the working copy of 'hello_world.txt', LF will be replaced by CRLF the next time Git touches it

momim@LAPTOP-Q8C5BJUS MINGW64 ~/Desktop/git_challenge (main)
$ git commit -m "日本語を追記"
[main 7af67f7] 日本語を追記
 1 file changed, 1 insertion(+)
he next time Git touches it

momim@LAPTOP-Q8C5BJUS MINGW64 ~/Desktop/git_challenge (main)
$ git commit -m "日本語を追記"
[main 7af67f7] 日本語を追記
 1 file changed, 1 insertion(+)

momim@LAPTOP-Q8C5BJUS MINGW64 ~/Desktop/git_challenge (main)

momim@LAPTOP-Q8C5BJUS MINGW64 ~/Desktop/git_challenge (main)
$ git status
On branch main
nothing to commit, working tree clean
$ git status
On branch main
nothing to commit, working tree clean

momim@LAPTOP-Q8C5BJUS MINGW64 ~/Desktop/git_challenge (main)


momim@LAPTOP-Q8C5BJUS MINGW64 ~/Desktop/git_challenge (main)
$ git log --oneline
7af67f7 (HEAD -> main) 日本語を追記
3827264 Hello, worldを追記

momim@LAPTOP-Q8C5BJUS MINGW64 ~/Desktop/git_challenge (main)
$
