
momim@LAPTOP-Q8C5BJUS MINGW64 ~/Desktop/git_challenge (main)
$ git init
Initialized empty Git repository in C:/Users/momim/Desktop/git_challenge/.git/

momim@LAPTOP-Q8C5BJUS MINGW64 ~/Desktop/git_challenge (main)
$ echo "Hello, world!" >> "hello_world.txt"

momim@LAPTOP-Q8C5BJUS MINGW64 ~/Desktop/git_challenge (main)
$ git add hello_world.txt
warning: in the working copy of 'hello_world.txt', LF will be replaced by CRLF the next time Git touches it

momim@LAPTOP-Q8C5BJUS MINGW64 ~/Desktop/git_challenge (main)
$ git commit -m "Hello, worldを追記"
[main (root-commit) a6fccad] Hello, worldを追記
 1 file changed, 1 insertion(+)
 create mode 100644 hello_world.txt

momim@LAPTOP-Q8C5BJUS MINGW64 ~/Desktop/git_challenge (main)
$ echo "こんにちは、世界！" >> hello_world.txt

momim@LAPTOP-Q8C5BJUS MINGW64 ~/Desktop/git_challenge (main)
$ git add hello_world.txt
warning: in the working copy of 'hello_world.txt', LF will be replaced by CRLF the next time Git touches it

momim@LAPTOP-Q8C5BJUS MINGW64 ~/Desktop/git_challenge (main)
$ git commit -m "日本語を追記"
[main f4b3cd7] 日本語を追記
 1 file changed, 1 insertion(+)

momim@LAPTOP-Q8C5BJUS MINGW64 ~/Desktop/git_challenge (main)
$ git log --oneline
f4b3cd7 (HEAD -> main) 日本語を追記
a6fccad Hello, worldを追記

momim@LAPTOP-Q8C5BJUS MINGW64 ~/Desktop/git_challenge (main)
$ 
